1.Using the echo command print in console "Hello World". Here is some info about echo command [https://discuss.codecademy.com/t/what-are-practical-uses-of-the-echo-command/394788]

Solution:
$ echo Hello World
Hello World

2. Create a new directory called new_dir.
Solution:

$ mkdir new_dir

3.Delete/Remove the directory new_dir.

Solution:

$ rm -r new_dir

4.Copy the file sed.txt from the lorem folder and paste it to the folder lorem-copy folder.
Solution:

$ cp lorem/sed.txt lorem-copy/
$ cd lorem
$ ls
at.txt  at.txte  lorem.txt  lorem_copy  sed.txt
$ cd ..
$ cd lorem-copy
$ ls
dummy_file.txt  sed.txt

5.Copy the other two files from the lorem folder to lorem-copy folder in just one line using semicolon ;

Solution:
amraf@IMAGESE-F4ABDT4 MINGW64 ~/Desktop/IRONHACK/Week_1/Day_1/Morning/lab-bash/lorem-copy (master)
$ cd ..

amraf@IMAGESE-F4ABDT4 MINGW64 ~/Desktop/IRONHACK/Week_1/Day_1/Morning/lab-bash (master)

$ cp lorem/at.txt lorem/lorem.txt lorem-copy/

amraf@IMAGESE-F4ABDT4 MINGW64 ~/Desktop/IRONHACK/Week_1/Day_1/Morning/lab-bash (master)

$ cd lorem-copy

amraf@IMAGESE-F4ABDT4 MINGW64 ~/Desktop/IRONHACK/Week_1/Day_1/Morning/lab-bash/lorem-copy (master)
$ ls
at.txt  dummy_file.txt  lorem.txt  sed.txt


6.Show the sed.txt file content from the lorem folder.

Solution:
amraf@IMAGESE-F4ABDT4 MINGW64 ~/Desktop/IRONHACK/Week_1/Day_1/Morning/lab-bash/lorem (master)

$ cat sed.txt
Sed ut perspiciatis unde omnis iste natus error sit voluptatem accusantium doloremque laudantium,
totam rem aperiam, eaque ipsa quae ab illo inventore veritatis et quasi architecto beatae vitae dicta sunt explicabo.
Nemo enim ipsam voluptatem quia voluptas sit aspernatur aut odit aut fugit,
sed quia consequuntur magni dolores eos qui ratione voluptatem sequi nesciunt.
Neque porro quisquam est, qui dolorem ipsum quia dolor sit amet, consectetur, adipisci velit,
sed quia non numquam eius modi tempora incidunt ut labore et dolore magnam aliquam quaerat voluptatem.
Ut enim ad minima veniam, quis nostrum exercitationem ullam corporis suscipit laboriosam,
nisi ut aliquid ex ea commodi consequatur? Quis autem vel eum iure reprehenderit qui in ea voluptate velit esse quam nihil molestiae consequatur,
vel illum qui dolorem eum fugiat quo voluptas nulla pariatur?Homo homini lupus

7. Show the at.txt file and lorem.txt file contents from lorem folder.

Solution:
amraf@IMAGESE-F4ABDT4 MINGW64 ~/Desktop/IRONHACK/Week_1/Day_1/Morning/lab-bash/lorem (master)
$ cat at.txt; cat lorem.txt
At vero eos ET accusamus ET iusto odio dignissimos ducimus qui blanditiis praesentium voluptatum
deleniti atque corrupti quos dolores ET quas molestias excepturi sint occaecati cupiditate non
provident, similique sunt in culpa qui officia deserunt mollitia animi, id est laborum ET dolorum fuga.
Et harum quidem rerum facilis est ET expedita distinctio.
Nam libero tempore, cum soluta nobis est eligendi optio cumque nihil impedit quo minus id quod
maxime placeat facere possimus, omnis voluptas assumenda est, omnis dolor repellendus.
Temporibus autem quibusdam ET aut officiis debitis aut rerum necessitatibus saepe eveniET
ut ET voluptates repudiandae sint ET molestiae non recusandae.
Itaque earum rerum hic tenETur a sapiente delectus, ut aut reiciendis voluptatibus maiores
alias consequatur aut perferendis doloribus asperiores repellat
Lorem ipsum dolor sit amet, consectetur adipiscing elit, sed do eiusmod tempor incididunt ut labore et dolore magna aliqua.
Ut enim ad minim veniam, quis nostrud exercitation ullamco laboris nisi ut aliquip ex ea commodo consequat.
Duis aute irure dolor in reprehenderit in voluptate velit esse cillum dolore eu fugiat nulla pariatur.
Excepteur sint occaecat cupidatat non proident, sunt in culpa qui officia deserunt mollit anim id est laborum.


8. Print the first 3 rows in sed.txt file from lorem-copy folder.
Solution:
$ cd ..
amraf@IMAGESE-F4ABDT4 MINGW64 ~/Desktop/IRONHACK/Week_1/Day_1/Morning/lab-bash (master)
$ head -n 3 lorem-copy/sed.txt
Sed ut perspiciatis unde omnis iste natus error sit voluptatem accusantium doloremque laudantium,
totam rem aperiam, eaque ipsa quae ab illo inventore veritatis et quasi architecto beatae vitae dicta sunt explicabo.
Nemo enim ipsam voluptatem quia voluptas sit aspernatur aut odit aut fugit,
9.Print the last 3 rows in sed.txt file from lorem-copy folder.
Solution :

amraf@IMAGESE-F4ABDT4 MINGW64 ~/Desktop/IRONHACK/Week_1/Day_1/Morning/lab-bash (master)
$ tail -n 3 lorem-copy/sed.txt
Ut enim ad minima veniam, quis nostrum exercitationem ullam corporis suscipit laboriosam,
nisi ut aliquid ex ea commodi consequatur? Quis autem vel eum iure reprehenderit qui in ea voluptate velit esse quam nihil molestiae consequatur,
vel illum qui dolorem eum fugiat quo voluptas nulla pariatur?Homo homini lupus


10. Add Homo homini lupus. at the end of sed.txt file in the lorem-copy folder.
Solution:

$ echo "Homo homini lupus." >> sed.txt
amraf@IMAGESE-F4ABDT4 MINGW64 ~/Desktop/IRONHACK/Week_1/Day_1/Morning/lab-bash/lorem-copy (master)
$ cat sed.txt
Sed ut perspiciatis unde omnis iste natus error sit voluptatem accusantium doloremque laudantium,
totam rem aperiam, eaque ipsa quae ab illo inventore veritatis et quasi architecto beatae vitae dicta sunt explicabo.
Nemo enim ipsam voluptatem quia voluptas sit aspernatur aut odit aut fugit,
sed quia consequuntur magni dolores eos qui ratione voluptatem sequi nesciunt.
Neque porro quisquam est, qui dolorem ipsum quia dolor sit amet, consectetur, adipisci velit,
sed quia non numquam eius modi tempora incidunt ut labore et dolore magnam aliquam quaerat voluptatem.
Ut enim ad minima veniam, quis nostrum exercitationem ullam corporis suscipit laboriosam,
nisi ut aliquid ex ea commodi consequatur? Quis autem vel eum iure reprehenderit qui in ea voluptate velit esse quam nihil molestiae consequatur,
vel illum qui dolorem eum fugiat quo voluptas nulla pariatur?Homo homini lupusHomo homini lupus.


10. Print the last 3 rows in sed.txt file from lorem-copy folder. You should see Homo homini lupus..
Solution :

amraf@IMAGESE-F4ABDT4 MINGW64 ~/Desktop/IRONHACK/Week_1/Day_1/Morning/lab-bash (master)
$ tail -n 3 lorem-copy/sed.txt
Ut enim ad minima veniam, quis nostrum exercitationem ullam corporis suscipit laboriosam,
nisi ut aliquid ex ea commodi consequatur? Quis autem vel eum iure reprehenderit qui in ea voluptate velit esse quam nihil molestiae consequatur,
vel illum qui dolorem eum fugiat quo voluptas nulla pariatur?Homo homini lupusHomo homini lupus.

12.sed command is used to replace the text in a file. Use the sed command to replace all occurances of et with ET in the file at.txt file present in the folder lorem. You can use the following link to refer to sed commands [https://www.linode.com/docs/guides/manipulate-text-from-the-command-line-with-sed/] Check the contents of the sed.txt file using cat command.

Solution:
(I think in the question is misstake insted of cat for sed.txt should be at.txt as it is the file where we made changes)
$ sed -i 's/et/ET/g'/at.txt
sed: -e expression #1, char 10: unknown option to `s'
amraf@IMAGESE-F4ABDT4 MINGW64 ~/Desktop/IRONHACK/Week_1/Day_1/Morning/lab-bash/lorem (master)
$ cat at.txt
At vero eos ET accusamus ET iusto odio dignissimos ducimus qui blanditiis praesentium voluptatum
deleniti atque corrupti quos dolores ET quas molestias excepturi sint occaecati cupiditate non
provident, similique sunt in culpa qui officia deserunt mollitia animi, id est laborum ET dolorum fuga.
Et harum quidem rerum facilis est ET expedita distinctio.
Nam libero tempore, cum soluta nobis est eligendi optio cumque nihil impedit quo minus id quod
maxime placeat facere possimus, omnis voluptas assumenda est, omnis dolor repellendus.
Temporibus autem quibusdam ET aut officiis debitis aut rerum necessitatibus saepe eveniET
ut ET voluptates repudiandae sint ET molestiae non recusandae.
Itaque earum rerum hic tenETur a sapiente delectus, ut aut reiciendis voluptatibus maiores
alias consequatur aut perferendis doloribus asperiores repellat

13.Find who is the system user.

Solution:
$ whoami
amraf

14.Find the current path of the directory you are in.

Solution

$ pwd
/c/Users/amraf/Desktop/IRONHACK/Week_1/Day_1/Morning/lab-bash/lorem

15.List all files with the extension .txt in lorem folder

Solution :
$ ls *.txt
at.txt  lorem.txt  sed.txt

16.Count the rows in sed.txt file from lorem folder. Look concatenate cat and wc with the pipe |.
Solution:

$ cat sed.txt | wc -l
8

17.Count the files which start with lorem in all directories.
Solutions:
amraf@IMAGESE-F4ABDT4 MINGW64 ~/Desktop/IRONHACK/Week_1
$ cd ..

amraf@IMAGESE-F4ABDT4 MINGW64 ~/Desktop/IRONHACK
$ find . -type f -name "lorem*" | grep -c ""
3 
or

$ cd lab-bash

amraf@IMAGESE-F4ABDT4 MINGW64 ~/Desktop/IRONHACK/Week_1/Day_1/Morning/lab-bash (master)
$ ls -l | grep "lorem" | wc -l
2


BONUS

20. Store your name in a variable with read command.
Solution:
amraf@IMAGESE-F4ABDT4 MINGW64 ~/Desktop/IRONHACK/Week_1/Day_1/Morning/lab-bash (master)
$ read -p "Please enter your name: " your_name
Please enter your name: Amra

amraf@IMAGESE-F4ABDT4 MINGW64 ~/Desktop/IRONHACK/Week_1/Day_1/Morning/lab-bash (master)
$ echo "Hello, $your_name!"
Hello, Amra!

21.Print that variable.

Solution:
amraf@IMAGESE-F4ABDT4 MINGW64 ~/Desktop/IRONHACK/Week_1/Day_1/Morning/lab-bash (master)

$ echo $your_name
Amra

22. Create a new directory named with variable name.

Solution:
amraf@IMAGESE-F4ABDT4 MINGW64 ~/Desktop/IRONHACK/Week_1/Day_1/Morning/lab-bash (master)

$ mkdir "$your_name"

amraf@IMAGESE-F4ABDT4 MINGW64 ~/Desktop/IRONHACK/Week_1/Day_1/Morning/lab-bash (master)

$ ls
 Amra/  'Exercise 1 Solution'   exercices/   inputs/   lorem/   lorem-copy/   outputs/   readme.md

23. Remove that directory.

Solution:
$ rmdir "$your_name"

amraf@IMAGESE-F4ABDT4 MINGW64 ~/Desktop/IRONHACK/Week_1/Day_1/Morning/lab-bash (master)
$ ls
'Exercise 1 Solution'   exercices/   inputs/   lorem/   lorem-copy/   outputs/   readme.md


